Looking in indexes: https://download.pytorch.org/whl/cpu
Collecting torch
  Downloading https://download-r2.pytorch.org/whl/cpu/torch-2.14.1%2Bcpu-cp313-cp313-win_amd64.whl.metadata (38 kB)
Collecting filelock (from torch)
  Downloading filelock-3.32.3-py3-none-any.whl.metadata (2.0 kB)
Requirement already satisfied: typing-extensions>=4.10.0 in c:\users\needy\appdata\local\programs\autoclaw2\resources\vendor\python\lib\site-packages (from torch) (4.16.0)
Collecting setuptools>=77.0.3 (from torch)
  Downloading https://download.pytorch.org/whl/setuptools-78.1.0-py3-none-any.whl.metadata (6.6 kB)
Collecting sympy>=1.13.3 (from torch)
  Downloading sympy-1.14.0-py3-none-any.whl.metadata (12 kB)
Collecting networkx>=2.5.1 (from torch)
  Downloading networkx-3.6.1-py3-none-any.whl.metadata (6.8 kB)
Collecting jinja2 (from torch)
  Downloading https://download.pytorch.org/whl/jinja2-3.1.6-py3-none-any.whl.metadata (2.9 kB)
Collecting fsspec>=0.8.5 (from torch)
  Downloading fsspec-2026.7.0-py3-none-any.whl.metadata (10 kB)
Collecting mpmath<1.4,>=1.1.0 (from sympy>=1.13.3->torch)
  Downloading mpmath-1.3.0-py3-none-any.whl.metadata (8.6 kB)
Collecting MarkupSafe>=2.0 (from jinja2->torch)
  Downloading https://download.pytorch.org/whl/markupsafe-3.0.3-cp313-cp313-win_amd64.whl.metadata (2.8 kB)
Downloading https://download-r2.pytorch.org/whl/cpu/torch-2.14.1%2Bcpu-cp313-cp313-win_amd64.whl (124.0 MB)
   ---------------------------------------- 124.0/124.0 MB 5.6 MB/s  0:00:21
Downloading fsspec-2026.7.0-py3-none-any.whl (206 kB)
Downloading networkx-3.6.1-py3-none-any.whl (2.1 MB)
   ---------------------------------------- 2.1/2.1 MB 10.2 MB/s  0:00:00
Downloading https://download.pytorch.org/whl/setuptools-78.1.0-py3-none-any.whl (1.3 MB)
   ---------------------------------------- 1.3/1.3 MB 4.0 MB/s  0:00:00
Downloading sympy-1.14.0-py3-none-any.whl (6.3 MB)
   ---------------------------------------- 6.3/6.3 MB 6.9 MB/s  0:00:00
Downloading mpmath-1.3.0-py3-none-any.whl (536 kB)
   ---------------------------------------- 536.2/536.2 kB 7.5 MB/s  0:00:00
Downloading filelock-3.32.3-py3-none-any.whl (98 kB)
Downloading https://download.pytorch.org/whl/jinja2-3.1.6-py3-none-any.whl (134 kB)
Downloading https://download.pytorch.org/whl/markupsafe-3.0.3-cp313-cp313-win_amd64.whl (15 kB)
Installing collected packages: mpmath, sympy, setuptools, networkx, MarkupSafe, fsspec, filelock, jinja2, torch

Successfully installed MarkupSafe-3.0.3 filelock-3.32.3 fsspec-2026.7.0 jinja2-3.1.6 mpmath-1.3.0 networkx-3.6.1 setuptools-78.1.0 sympy-1.14.0 torch-2.14.1+cpu
Collecting numpy
  Downloading numpy-2.5.3-cp313-cp313-win_amd64.whl.metadata (6.6 kB)
Collecting pyyaml
  Downloading pyyaml-6.0.3-cp313-cp313-win_amd64.whl.metadata (2.4 kB)
Collecting pytest
  Downloading pytest-9.1.1-py3-none-any.whl.metadata (7.6 kB)
Collecting tokenizers
  Downloading tokenizers-0.23.2-cp310-abi3-win_amd64.whl.metadata (10 kB)
Requirement already satisfied: colorama>=0.4 in c:\users\needy\appdata\local\programs\autoclaw2\resources\vendor\python\lib\site-packages (from pytest) (0.4.6)
Collecting iniconfig>=1.0.1 (from pytest)
  Downloading iniconfig-2.3.0-py3-none-any.whl.metadata (2.5 kB)
Collecting packaging>=22 (from pytest)
  Downloading packaging-26.3-py3-none-any.whl.metadata (3.5 kB)
Collecting pluggy<2,>=1.5 (from pytest)
  Downloading pluggy-1.6.0-py3-none-any.whl.metadata (4.8 kB)
Collecting pygments>=2.7.2 (from pytest)
  Downloading pygments-2.21.0-py3-none-any.whl.metadata (2.5 kB)
Collecting huggingface-hub<2.0,>=0.16.4 (from tokenizers)
  Downloading huggingface_hub-1.33.0-py3-none-any.whl.metadata (16 kB)
Collecting click<9.0.0,>=8.4.2 (from huggingface-hub<2.0,>=0.16.4->tokenizers)
  Downloading click-8.5.0-py3-none-any.whl.metadata (2.6 kB)
Requirement already satisfied: filelock>=3.10.0 in c:\users\needy\appdata\roaming\autoclaw-oversea-official\toolchain\python\python313\site-packages (from huggingface-hub<2.0,>=0.16.4->tokenizers) (3.32.3)
Requirement already satisfied: fsspec>=2023.5.0 in c:\users\needy\appdata\roaming\autoclaw-oversea-official\toolchain\python\python313\site-packages (from huggingface-hub<2.0,>=0.16.4->tokenizers) (2026.7.0)
Collecting hf-xet<2.0.0,>=1.6.0 (from huggingface-hub<2.0,>=0.16.4->tokenizers)
  Downloading hf_xet-1.6.0-cp38-abi3-win_amd64.whl.metadata (4.9 kB)
Collecting httpx<1,>=0.23.0 (from huggingface-hub<2.0,>=0.16.4->tokenizers)
  Downloading httpx-0.28.1-py3-none-any.whl.metadata (7.1 kB)
Collecting tqdm>=4.42.1 (from huggingface-hub<2.0,>=0.16.4->tokenizers)
  Downloading tqdm-4.70.1-py3-none-any.whl.metadata (57 kB)
Requirement already satisfied: typing-extensions>=4.1.0 in c:\users\needy\appdata\local\programs\autoclaw2\resources\vendor\python\lib\site-packages (from huggingface-hub<2.0,>=0.16.4->tokenizers) (4.16.0)
Collecting anyio (from httpx<1,>=0.23.0->huggingface-hub<2.0,>=0.16.4->tokenizers)
  Downloading anyio-4.15.1-py3-none-any.whl.metadata (4.7 kB)
Collecting certifi (from httpx<1,>=0.23.0->huggingface-hub<2.0,>=0.16.4->tokenizers)
  Downloading certifi-2026.7.22-py3-none-any.whl.metadata (2.5 kB)
Collecting httpcore==1.* (from httpx<1,>=0.23.0->huggingface-hub<2.0,>=0.16.4->tokenizers)
  Downloading httpcore-1.0.9-py3-none-any.whl.metadata (21 kB)
Collecting idna (from httpx<1,>=0.23.0->huggingface-hub<2.0,>=0.16.4->tokenizers)
  Downloading idna-3.20-py3-none-any.whl.metadata (7.2 kB)
Collecting h11>=0.16 (from httpcore==1.*->httpx<1,>=0.23.0->huggingface-hub<2.0,>=0.16.4->tokenizers)
  Downloading h11-0.16.0-py3-none-any.whl.metadata (8.3 kB)
Downloading numpy-2.5.3-cp313-cp313-win_amd64.whl (12.6 MB)
   ---------------------------------------- 12.6/12.6 MB 6.1 MB/s  0:00:02
Downloading pyyaml-6.0.3-cp313-cp313-win_amd64.whl (154 kB)
Downloading pytest-9.1.1-py3-none-any.whl (386 kB)
Downloading pluggy-1.6.0-py3-none-any.whl (20 kB)
Downloading tokenizers-0.23.2-cp310-abi3-win_amd64.whl (2.9 MB)
   ---------------------------------------- 2.9/2.9 MB 4.7 MB/s  0:00:00
Downloading huggingface_hub-1.33.0-py3-none-any.whl (846 kB)
   ---------------------------------------- 846.4/846.4 kB 13.3 MB/s  0:00:00
Downloading click-8.5.0-py3-none-any.whl (125 kB)
Downloading hf_xet-1.6.0-cp38-abi3-win_amd64.whl (4.0 MB)
   ---------------------------------------- 4.0/4.0 MB 6.4 MB/s  0:00:00
Downloading httpx-0.28.1-py3-none-any.whl (73 kB)
Downloading httpcore-1.0.9-py3-none-any.whl (78 kB)
Downloading h11-0.16.0-py3-none-any.whl (37 kB)
Downloading iniconfig-2.3.0-py3-none-any.whl (7.5 kB)
Downloading packaging-26.3-py3-none-any.whl (129 kB)
Downloading pygments-2.21.0-py3-none-any.whl (1.3 MB)
   ---------------------------------------- 1.3/1.3 MB 13.6 MB/s  0:00:00
Downloading tqdm-4.70.1-py3-none-any.whl (80 kB)
Downloading anyio-4.15.1-py3-none-any.whl (132 kB)
Downloading idna-3.20-py3-none-any.whl (69 kB)
Downloading certifi-2026.7.22-py3-none-any.whl (136 kB)
Installing collected packages: tqdm, pyyaml, pygments, pluggy, packaging, numpy, iniconfig, idna, hf-xet, h11, click, certifi, pytest, httpcore, anyio, httpx, huggingface-hub, tokenizers

Successfully installed anyio-4.15.1 certifi-2026.7.22 click-8.5.0 h11-0.16.0 hf-xet-1.6.0 httpcore-1.0.9 httpx-0.28.1 huggingface-hub-1.33.0 idna-3.20 iniconfig-2.3.0 numpy-2.5.3 packaging-26.3 pluggy-1.6.0 pygments-2.21.0 pytest-9.1.1 pyyaml-6.0.3 tokenizers-0.23.2 tqdm-4.70.1
